// Jest Snapshot v1, https://goo.gl/fbAQLP

exports[`App Components HOC - AuthenticationChecker Snapshots renders user authenticated 1`] = `<div />`;

exports[`App Components HOC - AuthenticationChecker Snapshots renders user authenticated and logging out 1`] = `
<div
  className="ui basic segment body"
>
  <div
    className="ui active transition visible inverted dimmer"
    onClick={[Function]}
  >
    <div
      className="content"
    >
      <div
        className="center"
      >
        <div
          className="ui big inverted text loader"
        >
          <h3
            className="ui header"
          >
            Loading...
          </h3>
        </div>
      </div>
    </div>
  </div>
</div>
`;

exports[`App Components HOC - AuthenticationChecker Snapshots renders user not authenticated 1`] = `
<div>
  Should render this
</div>
`;
