// Jest Snapshot v1, https://goo.gl/fbAQLP

exports[`App Components - Profile renders 1`] = `
<div
  className="ui basic segment"
>
  <div
    className="ui three column grid"
  >
    <div
      className="four wide column"
    />
    <div
      className="center aligned eight wide column"
    >
      <a
        href=""
        rel="noopener noreferrer"
        target="_blank"
      >
        <img
          className="ui small circular centered image"
          onError={[Function]}
          src="url"
        />
      </a>
      <div
        className="ui fluid card"
        href={undefined}
        onClick={[Function]}
      >
        <div
          className="center aligned content"
        >
          <div
            className="header"
          >
            <h1
              className="ui header"
            >
              
            </h1>
          </div>
          <div
            className="meta"
          >
            <h3
              className="sub header"
            >
              
               (
              <a
                href=""
                rel="noopener noreferrer"
                target="_blank"
              >
                
              </a>
              )
            </h3>
          </div>
        </div>
        <div
          className="extra center aligned content"
        >
          0
           followers
        </div>
      </div>
    </div>
    <div
      className="four wide column"
    />
  </div>
</div>
`;
